###############################################################################
#
# IAR ELF Linker V8.32.1.169/W32 for ARM                  21/Oct/2024  00:07:29
# Copyright 2007-2018 IAR Systems AB.
#
#    Output file  =  
#        F:\none\Study\Other\my\Deep-J60-Motor\STM32_DeepJ60_test\EWARM\STM32_DeepJ60_test\Exe\STM32_DeepJ60_test.out
#    Map file     =  
#        F:\none\Study\Other\my\Deep-J60-Motor\STM32_DeepJ60_test\EWARM\STM32_DeepJ60_test\List\STM32_DeepJ60_test.map
#    Command line =  
#        -f C:\Users\86136\AppData\Local\Temp\EW5E2E.tmp
#        (F:\none\Study\Other\my\Deep-J60-Motor\STM32_DeepJ60_test\EWARM\STM32_DeepJ60_test\Obj\Callback.o
#        F:\none\Study\Other\my\Deep-J60-Motor\STM32_DeepJ60_test\EWARM\STM32_DeepJ60_test\Obj\can.o
#        F:\none\Study\Other\my\Deep-J60-Motor\STM32_DeepJ60_test\EWARM\STM32_DeepJ60_test\Obj\DeepJ60_can.o
#        F:\none\Study\Other\my\Deep-J60-Motor\STM32_DeepJ60_test\EWARM\STM32_DeepJ60_test\Obj\DeepJ60_Motor.o
#        F:\none\Study\Other\my\Deep-J60-Motor\STM32_DeepJ60_test\EWARM\STM32_DeepJ60_test\Obj\gpio.o
#        F:\none\Study\Other\my\Deep-J60-Motor\STM32_DeepJ60_test\EWARM\STM32_DeepJ60_test\Obj\main.o
#        F:\none\Study\Other\my\Deep-J60-Motor\STM32_DeepJ60_test\EWARM\STM32_DeepJ60_test\Obj\startup_stm32f407xx.o
#        F:\none\Study\Other\my\Deep-J60-Motor\STM32_DeepJ60_test\EWARM\STM32_DeepJ60_test\Obj\stm32f4xx_hal.o
#        F:\none\Study\Other\my\Deep-J60-Motor\STM32_DeepJ60_test\EWARM\STM32_DeepJ60_test\Obj\stm32f4xx_hal_can.o
#        F:\none\Study\Other\my\Deep-J60-Motor\STM32_DeepJ60_test\EWARM\STM32_DeepJ60_test\Obj\stm32f4xx_hal_cortex.o
#        F:\none\Study\Other\my\Deep-J60-Motor\STM32_DeepJ60_test\EWARM\STM32_DeepJ60_test\Obj\stm32f4xx_hal_dma.o
#        F:\none\Study\Other\my\Deep-J60-Motor\STM32_DeepJ60_test\EWARM\STM32_DeepJ60_test\Obj\stm32f4xx_hal_dma_ex.o
#        F:\none\Study\Other\my\Deep-J60-Motor\STM32_DeepJ60_test\EWARM\STM32_DeepJ60_test\Obj\stm32f4xx_hal_exti.o
#        F:\none\Study\Other\my\Deep-J60-Motor\STM32_DeepJ60_test\EWARM\STM32_DeepJ60_test\Obj\stm32f4xx_hal_flash.o
#        F:\none\Study\Other\my\Deep-J60-Motor\STM32_DeepJ60_test\EWARM\STM32_DeepJ60_test\Obj\stm32f4xx_hal_flash_ex.o
#        F:\none\Study\Other\my\Deep-J60-Motor\STM32_DeepJ60_test\EWARM\STM32_DeepJ60_test\Obj\stm32f4xx_hal_flash_ramfunc.o
#        F:\none\Study\Other\my\Deep-J60-Motor\STM32_DeepJ60_test\EWARM\STM32_DeepJ60_test\Obj\stm32f4xx_hal_gpio.o
#        F:\none\Study\Other\my\Deep-J60-Motor\STM32_DeepJ60_test\EWARM\STM32_DeepJ60_test\Obj\stm32f4xx_hal_msp.o
#        F:\none\Study\Other\my\Deep-J60-Motor\STM32_DeepJ60_test\EWARM\STM32_DeepJ60_test\Obj\stm32f4xx_hal_pwr.o
#        F:\none\Study\Other\my\Deep-J60-Motor\STM32_DeepJ60_test\EWARM\STM32_DeepJ60_test\Obj\stm32f4xx_hal_pwr_ex.o
#        F:\none\Study\Other\my\Deep-J60-Motor\STM32_DeepJ60_test\EWARM\STM32_DeepJ60_test\Obj\stm32f4xx_hal_rcc.o
#        F:\none\Study\Other\my\Deep-J60-Motor\STM32_DeepJ60_test\EWARM\STM32_DeepJ60_test\Obj\stm32f4xx_hal_rcc_ex.o
#        F:\none\Study\Other\my\Deep-J60-Motor\STM32_DeepJ60_test\EWARM\STM32_DeepJ60_test\Obj\stm32f4xx_hal_tim.o
#        F:\none\Study\Other\my\Deep-J60-Motor\STM32_DeepJ60_test\EWARM\STM32_DeepJ60_test\Obj\stm32f4xx_hal_tim_ex.o
#        F:\none\Study\Other\my\Deep-J60-Motor\STM32_DeepJ60_test\EWARM\STM32_DeepJ60_test\Obj\stm32f4xx_it.o
#        F:\none\Study\Other\my\Deep-J60-Motor\STM32_DeepJ60_test\EWARM\STM32_DeepJ60_test\Obj\system_stm32f4xx.o
#        --no_out_extension -o
#        F:\none\Study\Other\my\Deep-J60-Motor\STM32_DeepJ60_test\EWARM\STM32_DeepJ60_test\Exe\STM32_DeepJ60_test.out
#        --redirect _Printf=_PrintfFullNoMb --redirect _Scanf=_ScanfFullNoMb
#        --map
#        F:\none\Study\Other\my\Deep-J60-Motor\STM32_DeepJ60_test\EWARM\STM32_DeepJ60_test\List\STM32_DeepJ60_test.map
#        --config
#        F:\none\Study\Other\my\Deep-J60-Motor\STM32_DeepJ60_test\EWARM/stm32f407xx_flash.icf
#        --semihosting --entry __iar_program_start --vfe --text_out locale)
#
###############################################################################

*******************************************************************************
*** RUNTIME MODEL ATTRIBUTES
***

CppFlavor       = *
__SystemLibrary = DLib
__dlib_version  = 6


*******************************************************************************
*** HEAP SELECTION
***

The basic heap was selected because no calls to memory allocation
functions were found in the application outside of system library
functions, and there are calls to deallocation functions in the
application.


*******************************************************************************
*** PLACEMENT SUMMARY
***

"A0":  place at 0x800'0000 { ro section .intvec };
"P1":  place in [from 0x800'0000 to 0x80f'ffff] { ro };
define block CSTACK with size = 1K, alignment = 8 { };
define block HEAP with size = 512, alignment = 8 { };
"P2":  place in [from 0x2000'0000 to 0x2001'ffff] {
          rw, block CSTACK, block HEAP };
initialize by copy { rw };

  Section            Kind         Address    Size  Object
  -------            ----         -------    ----  ------
"A0":                                       0x188
  .intvec            ro code   0x800'0000   0x188  startup_stm32f407xx.o [1]
                             - 0x800'0188   0x188

"P1":                                      0x2710
  .text              ro code   0x800'0188   0x8ec  DeepJ60_Motor.o [1]
  .text              ro code   0x800'0a74   0x1e0  DeepJ60_can.o [1]
  .text              ro code   0x800'0c54   0x7e2  stm32f4xx_hal_can.o [1]
  .text              ro code   0x800'1436    0x3a  zero_init3.o [4]
  .text              ro code   0x800'1470   0x264  can.o [1]
  .text              ro code   0x800'16d4     0xc  stm32f4xx_hal.o [1]
  .text              ro code   0x800'16e0     0x2  stm32f4xx_hal_can.o [1]
  .text              ro code   0x800'16e2     0x2  stm32f4xx_hal_can.o [1]
  .text              ro code   0x800'16e4     0x2  stm32f4xx_hal_can.o [1]
  .text              ro code   0x800'16e6     0x2  stm32f4xx_hal_can.o [1]
  .text              ro code   0x800'16e8     0x2  stm32f4xx_hal_can.o [1]
  .text              ro code   0x800'16ea     0x2  stm32f4xx_hal_can.o [1]
  .text              ro code   0x800'16ec     0x2  stm32f4xx_hal_can.o [1]
  .text              ro code   0x800'16f0    0x24  Callback.o [1]
  .text              ro code   0x800'1714     0x2  stm32f4xx_hal_can.o [1]
  .text              ro code   0x800'1716     0x2  stm32f4xx_hal_can.o [1]
  .text              ro code   0x800'1718     0x2  stm32f4xx_hal_can.o [1]
  .text              ro code   0x800'171a     0x2  stm32f4xx_hal_can.o [1]
  .text              ro code   0x800'171c     0x2  stm32f4xx_hal_can.o [1]
  .text              ro code   0x800'1720   0x108  main.o [1]
  .text              ro code   0x800'1828     0x6  ABImemclr4.o [4]
  .text              ro code   0x800'1830   0x274  stm32f4xx_hal_gpio.o [1]
  .text              ro code   0x800'1aa4   0x15c  stm32f4xx_hal_cortex.o [1]
  .text              ro code   0x800'1c00    0x34  stm32f4xx_hal.o [1]
  .text              ro code   0x800'1c34    0x9c  gpio.o [1]
  .text              ro code   0x800'1cd0    0x28  stm32f4xx_hal.o [1]
  .text              ro code   0x800'1cf8   0x3ec  stm32f4xx_hal_rcc.o [1]
  .text              ro code   0x800'20e4   0x1f4  stm32f4xx_hal_rcc.o [1]
  .text              ro code   0x800'22d8    0x32  ABImemset48.o [4]
  .text              ro code   0x800'230c    0x4c  stm32f4xx_hal.o [1]
  .text              ro code   0x800'2358    0x40  stm32f4xx_hal_msp.o [1]
  .text              ro code   0x800'2398   0x230  I64DivMod.o [4]
  .text              ro code   0x800'25c8     0x2  I64DivZer.o [4]
  .text              ro code   0x800'25cc    0x5c  stm32f4xx_it.o [1]
  .text              ro code   0x800'2628    0x18  stm32f4xx_hal.o [1]
  .text              ro code   0x800'2640    0x2c  copy_init3.o [4]
  .text              ro code   0x800'266c    0x28  data_init.o [4]
  .text              ro code   0x800'2694    0x22  fpinit_M.o [3]
  .iar.init_table    const     0x800'26b8    0x24  - Linker created -
  .text              ro code   0x800'26dc    0x1e  cmain.o [4]
  .text              ro code   0x800'26fa     0x4  low_level_init.o [2]
  .text              ro code   0x800'26fe     0x4  exit.o [2]
  .text              ro code   0x800'2704     0xa  cexit.o [4]
  .text              ro code   0x800'2710    0x14  exit.o [5]
  .rodata            const     0x800'2724    0x10  system_stm32f4xx.o [1]
  .text              ro code   0x800'2734    0x10  startup_stm32f407xx.o [1]
  .text              ro code   0x800'2744    0x10  system_stm32f4xx.o [1]
  .text              ro code   0x800'2754     0xc  cstartup_M.o [4]
  Initializer bytes  const     0x800'2760     0xc  <for P2-1>
  .text              ro code   0x800'276c     0x4  startup_stm32f407xx.o [1]
  .text              ro code   0x800'2770     0x4  startup_stm32f407xx.o [1]
  .text              ro code   0x800'2774     0x4  startup_stm32f407xx.o [1]
  .text              ro code   0x800'2778     0x4  startup_stm32f407xx.o [1]
  .text              ro code   0x800'277c     0x4  startup_stm32f407xx.o [1]
  .text              ro code   0x800'2780     0x4  startup_stm32f407xx.o [1]
  .text              ro code   0x800'2784     0x4  startup_stm32f407xx.o [1]
  .text              ro code   0x800'2788     0x4  startup_stm32f407xx.o [1]
  .text              ro code   0x800'278c     0x4  startup_stm32f407xx.o [1]
  .text              ro code   0x800'2790     0x4  startup_stm32f407xx.o [1]
  .text              ro code   0x800'2794     0x4  startup_stm32f407xx.o [1]
  .text              ro code   0x800'2798     0x4  startup_stm32f407xx.o [1]
  .text              ro code   0x800'279c     0x4  startup_stm32f407xx.o [1]
  .text              ro code   0x800'27a0     0x4  startup_stm32f407xx.o [1]
  .text              ro code   0x800'27a4     0x4  startup_stm32f407xx.o [1]
  .text              ro code   0x800'27a8     0x4  startup_stm32f407xx.o [1]
  .text              ro code   0x800'27ac     0x4  startup_stm32f407xx.o [1]
  .text              ro code   0x800'27b0     0x4  startup_stm32f407xx.o [1]
  .text              ro code   0x800'27b4     0x4  startup_stm32f407xx.o [1]
  .text              ro code   0x800'27b8     0x4  startup_stm32f407xx.o [1]
  .text              ro code   0x800'27bc     0x4  startup_stm32f407xx.o [1]
  .text              ro code   0x800'27c0     0x4  startup_stm32f407xx.o [1]
  .text              ro code   0x800'27c4     0x4  startup_stm32f407xx.o [1]
  .text              ro code   0x800'27c8     0x4  startup_stm32f407xx.o [1]
  .text              ro code   0x800'27cc     0x4  startup_stm32f407xx.o [1]
  .text              ro code   0x800'27d0     0x4  startup_stm32f407xx.o [1]
  .text              ro code   0x800'27d4     0x4  startup_stm32f407xx.o [1]
  .text              ro code   0x800'27d8     0x4  startup_stm32f407xx.o [1]
  .text              ro code   0x800'27dc     0x4  startup_stm32f407xx.o [1]
  .text              ro code   0x800'27e0     0x4  startup_stm32f407xx.o [1]
  .text              ro code   0x800'27e4     0x4  startup_stm32f407xx.o [1]
  .text              ro code   0x800'27e8     0x4  startup_stm32f407xx.o [1]
  .text              ro code   0x800'27ec     0x4  startup_stm32f407xx.o [1]
  .text              ro code   0x800'27f0     0x4  startup_stm32f407xx.o [1]
  .text              ro code   0x800'27f4     0x4  startup_stm32f407xx.o [1]
  .text              ro code   0x800'27f8     0x4  startup_stm32f407xx.o [1]
  .text              ro code   0x800'27fc     0x4  startup_stm32f407xx.o [1]
  .text              ro code   0x800'2800     0x4  startup_stm32f407xx.o [1]
  .text              ro code   0x800'2804     0x4  startup_stm32f407xx.o [1]
  .text              ro code   0x800'2808     0x4  startup_stm32f407xx.o [1]
  .text              ro code   0x800'280c     0x4  startup_stm32f407xx.o [1]
  .text              ro code   0x800'2810     0x4  startup_stm32f407xx.o [1]
  .text              ro code   0x800'2814     0x4  startup_stm32f407xx.o [1]
  .text              ro code   0x800'2818     0x4  startup_stm32f407xx.o [1]
  .text              ro code   0x800'281c     0x4  startup_stm32f407xx.o [1]
  .text              ro code   0x800'2820     0x4  startup_stm32f407xx.o [1]
  .text              ro code   0x800'2824     0x4  startup_stm32f407xx.o [1]
  .text              ro code   0x800'2828     0x4  startup_stm32f407xx.o [1]
  .text              ro code   0x800'282c     0x4  startup_stm32f407xx.o [1]
  .text              ro code   0x800'2830     0x4  startup_stm32f407xx.o [1]
  .text              ro code   0x800'2834     0x4  startup_stm32f407xx.o [1]
  .text              ro code   0x800'2838     0x4  startup_stm32f407xx.o [1]
  .text              ro code   0x800'283c     0x4  startup_stm32f407xx.o [1]
  .text              ro code   0x800'2840     0x4  startup_stm32f407xx.o [1]
  .text              ro code   0x800'2844     0x4  startup_stm32f407xx.o [1]
  .text              ro code   0x800'2848     0x4  startup_stm32f407xx.o [1]
  .text              ro code   0x800'284c     0x4  startup_stm32f407xx.o [1]
  .text              ro code   0x800'2850     0x4  startup_stm32f407xx.o [1]
  .text              ro code   0x800'2854     0x4  startup_stm32f407xx.o [1]
  .text              ro code   0x800'2858     0x4  startup_stm32f407xx.o [1]
  .text              ro code   0x800'285c     0x4  startup_stm32f407xx.o [1]
  .text              ro code   0x800'2860     0x4  startup_stm32f407xx.o [1]
  .text              ro code   0x800'2864     0x4  startup_stm32f407xx.o [1]
  .text              ro code   0x800'2868     0x4  startup_stm32f407xx.o [1]
  .text              ro code   0x800'286c     0x4  startup_stm32f407xx.o [1]
  .text              ro code   0x800'2870     0x4  startup_stm32f407xx.o [1]
  .text              ro code   0x800'2874     0x4  startup_stm32f407xx.o [1]
  .text              ro code   0x800'2878     0x4  startup_stm32f407xx.o [1]
  .text              ro code   0x800'287c     0x4  startup_stm32f407xx.o [1]
  .text              ro code   0x800'2880     0x4  startup_stm32f407xx.o [1]
  .text              ro code   0x800'2884     0x4  startup_stm32f407xx.o [1]
  .text              ro code   0x800'2888     0x4  startup_stm32f407xx.o [1]
  .text              ro code   0x800'288c     0x4  startup_stm32f407xx.o [1]
  .text              ro code   0x800'2890     0x4  startup_stm32f407xx.o [1]
  .text              ro code   0x800'2894     0x4  startup_stm32f407xx.o [1]
  .rodata            const     0x800'2898     0x0  zero_init3.o [4]
  .rodata            const     0x800'2898     0x0  copy_init3.o [4]
                             - 0x800'2898  0x2710

"P2", part 1 of 3:                            0xc
  P2-1                        0x2000'0000     0x9  <Init block>
    .data            inited   0x2000'0000     0x4  stm32f4xx_hal.o [1]
    .data            inited   0x2000'0004     0x4  system_stm32f4xx.o [1]
    .data            inited   0x2000'0008     0x1  stm32f4xx_hal.o [1]
                            - 0x2000'0009     0x9

"P2", part 2 of 3:                          0x360
  .bss               zero     0x2000'000c   0x240  DeepJ60_Motor.o [1]
  .bss               zero     0x2000'024c    0x54  DeepJ60_can.o [1]
  .bss               zero     0x2000'02a0    0x28  can.o [1]
  .bss               zero     0x2000'02c8    0x28  can.o [1]
  .bss               zero     0x2000'02f0    0x28  can.o [1]
  .bss               zero     0x2000'0318    0x28  can.o [1]
  .bss               zero     0x2000'0340    0x1c  DeepJ60_can.o [1]
  .bss               zero     0x2000'035c     0x4  can.o [1]
  .bss               zero     0x2000'0360     0x4  DeepJ60_can.o [1]
  .bss               zero     0x2000'0364     0x4  stm32f4xx_hal.o [1]
  .bss               zero     0x2000'0368     0x1  main.o [1]
                            - 0x2000'0369   0x35d

"P2", part 3 of 3:                          0x400
  CSTACK                      0x2000'0370   0x400  <Block>
    CSTACK           uninit   0x2000'0370   0x400  <Block tail>
                            - 0x2000'0770   0x400

Unused ranges:

         From           To      Size
         ----           --      ----
   0x800'2898   0x80f'ffff  0xf'd768
  0x2000'036c  0x2000'036f       0x4
  0x2000'0770  0x2001'ffff  0x1'f890


*******************************************************************************
*** INIT TABLE
***

          Address      Size
          -------      ----
Zero (__iar_zero_init3)
    1 destination range, total size 0x35d:
          0x2000'000c  0x35d

Copy (__iar_copy_init3)
    1 source range, total size 0xc (133% of destination):
           0x800'2760    0xc
    1 destination range, total size 0x9:
          0x2000'0000    0x9



*******************************************************************************
*** MODULE SUMMARY
***

    Module                  ro code  ro data  rw data
    ------                  -------  -------  -------
command line/config:
    -------------------------------------------------
    Total:

F:\none\Study\Other\my\Deep-J60-Motor\STM32_DeepJ60_test\EWARM\STM32_DeepJ60_test\Obj: [1]
    Callback.o                   36
    DeepJ60_Motor.o           2 284               576
    DeepJ60_can.o               480               116
    can.o                       612               164
    gpio.o                      156
    main.o                      264                 1
    startup_stm32f407xx.o       708
    stm32f4xx_hal.o             204        5        9
    stm32f4xx_hal_can.o       2 042
    stm32f4xx_hal_cortex.o      348
    stm32f4xx_hal_gpio.o        628
    stm32f4xx_hal_msp.o          64
    stm32f4xx_hal_rcc.o       1 504
    stm32f4xx_it.o               92
    system_stm32f4xx.o           16       20        4
    -------------------------------------------------
    Total:                    9 438       25      870

dl7M_tln.a: [2]
    exit.o                        4
    low_level_init.o              4
    -------------------------------------------------
    Total:                        8

m7M_tls.a: [3]
    fpinit_M.o                   34
    -------------------------------------------------
    Total:                       34

rt7M_tl.a: [4]
    ABImemclr4.o                  6
    ABImemset48.o                50
    I64DivMod.o                 560
    I64DivZer.o                   2
    cexit.o                      10
    cmain.o                      30
    copy_init3.o                 44
    cstartup_M.o                 12
    data_init.o                  40
    zero_init3.o                 58
    -------------------------------------------------
    Total:                      812

shb_l.a: [5]
    exit.o                       20
    -------------------------------------------------
    Total:                       20

    Gaps                         14        2
    Linker created                        39    1 024
-----------------------------------------------------
    Grand Total:             10 326       66    1 894


*******************************************************************************
*** ENTRY LIST
***

Entry                       Address   Size  Type      Object
-----                       -------   ----  ----      ------
.iar.init_table$$Base    0x800'26b8          --   Gb  - Linker created -
.iar.init_table$$Limit   0x800'26dc          --   Gb  - Linker created -
?main                    0x800'26dd         Code  Gb  cmain.o [4]
AHBPrescTable            0x800'2724   0x10  Data  Gb  system_stm32f4xx.o [1]
AnalyseJ60MotorReceiveData
                         0x800'0a3f   0x26  Code  Gb  DeepJ60_Motor.o [1]
BusFault_Handler         0x800'25d3    0x2  Code  Gb  stm32f4xx_it.o [1]
CAN1_RX0_IRQHandler      0x800'25ef    0xa  Code  Gb  stm32f4xx_it.o [1]
CAN1_RX1_IRQHandler      0x800'25f9    0xa  Code  Gb  stm32f4xx_it.o [1]
CAN1_TX_IRQHandler       0x800'25e5    0xa  Code  Gb  stm32f4xx_it.o [1]
CAN2_RX0_IRQHandler      0x800'260d    0xa  Code  Gb  stm32f4xx_it.o [1]
CAN2_RX1_IRQHandler      0x800'2617    0xa  Code  Gb  stm32f4xx_it.o [1]
CAN2_TX_IRQHandler       0x800'2603    0xa  Code  Gb  stm32f4xx_it.o [1]
CAN_FilterConfig         0x800'16a1   0x34  Code  Gb  can.o [1]
CSTACK$$Base            0x2000'0370          --   Gb  - Linker created -
CSTACK$$Limit           0x2000'0770          --   Gb  - Linker created -
Can                     0x2000'024c   0x54  Data  Gb  DeepJ60_can.o [1]
CanDataToRealData        0x800'0ae7   0x2a  Code  Gb  DeepJ60_can.o [1]
CanRxInformation        0x2000'0340   0x1c  Data  Gb  DeepJ60_can.o [1]
Can_Receive              0x800'0bc3   0x80  Code  Gb  DeepJ60_can.o [1]
Can_Send                 0x800'0b11   0xb2  Code  Gb  DeepJ60_can.o [1]
DebugMon_Handler         0x800'25d9    0x2  Code  Gb  stm32f4xx_it.o [1]
EnableJ60Motor           0x800'0575   0x42  Code  Gb  DeepJ60_Motor.o [1]
Error_Handler            0x800'1825    0x4  Code  Gb  main.o [1]
Flag1                   0x2000'0368    0x1  Data  Gb  main.o [1]
GetJ60MotorCanID         0x800'0561    0xe  Code  Gb  DeepJ60_Motor.o [1]
HAL_CAN_ActivateNotification
                         0x800'11df   0x34  Code  Gb  stm32f4xx_hal_can.o [1]
HAL_CAN_AddTxMessage     0x800'0f49  0x126  Code  Gb  stm32f4xx_hal_can.o [1]
HAL_CAN_ConfigFilter     0x800'0dc1  0x128  Code  Gb  stm32f4xx_hal_can.o [1]
HAL_CAN_GetRxMessage     0x800'106f  0x170  Code  Gb  stm32f4xx_hal_can.o [1]
HAL_CAN_IRQHandler       0x800'1213  0x224  Code  Gb  stm32f4xx_hal_can.o [1]
HAL_CAN_Init             0x800'0c55  0x16c  Code  Gb  stm32f4xx_hal_can.o [1]
HAL_CAN_MspInit          0x800'1521  0x152  Code  Gb  can.o [1]
HAL_CAN_RxFifo0MsgPendingCallback
                         0x800'16f1   0x24  Code  Gb  Callback.o [1]
HAL_CAN_Start            0x800'0ee9   0x5c  Code  Gb  stm32f4xx_hal_can.o [1]
HAL_Delay                0x800'1cd1   0x28  Code  Wk  stm32f4xx_hal.o [1]
HAL_GPIO_Init            0x800'1831  0x222  Code  Gb  stm32f4xx_hal_gpio.o [1]
HAL_GPIO_WritePin        0x800'1a53   0x1a  Code  Gb  stm32f4xx_hal_gpio.o [1]
HAL_GetTick              0x800'16d5    0xc  Code  Wk  stm32f4xx_hal.o [1]
HAL_IncTick              0x800'2629   0x18  Code  Wk  stm32f4xx_hal.o [1]
HAL_Init                 0x800'1c01   0x30  Code  Gb  stm32f4xx_hal.o [1]
HAL_InitTick             0x800'230d   0x4c  Code  Wk  stm32f4xx_hal.o [1]
HAL_MspInit              0x800'2359   0x40  Code  Gb  stm32f4xx_hal_msp.o [1]
HAL_NVIC_EnableIRQ       0x800'1bc7    0xe  Code  Gb  stm32f4xx_hal_cortex.o [1]
HAL_NVIC_SetPriority     0x800'1b9d   0x2a  Code  Gb  stm32f4xx_hal_cortex.o [1]
HAL_NVIC_SetPriorityGrouping
                         0x800'1b91    0xc  Code  Gb  stm32f4xx_hal_cortex.o [1]
HAL_RCC_CAN1_CLK_ENABLED
                        0x2000'035c    0x4  Data  Lc  can.o [1]
HAL_RCC_ClockConfig      0x800'20e5  0x140  Code  Gb  stm32f4xx_hal_rcc.o [1]
HAL_RCC_OscConfig        0x800'1cf9  0x3ec  Code  Wk  stm32f4xx_hal_rcc.o [1]
HAL_SYSTICK_Config       0x800'1bd5    0xc  Code  Gb  stm32f4xx_hal_cortex.o [1]
HardFault_Handler        0x800'25cf    0x2  Code  Gb  stm32f4xx_it.o [1]
J60Motor                0x2000'000c  0x240  Data  Gb  DeepJ60_Motor.o [1]
J60MotorConfigToSendCanData
                         0x800'042d   0x28  Code  Gb  DeepJ60_Motor.o [1]
J60MotorDataToSendCanData
                         0x800'04dd   0x34  Code  Gb  DeepJ60_Motor.o [1]
J60MotorMotionDataToSendCanData
                         0x800'0299   0xae  Code  Gb  DeepJ60_Motor.o [1]
MX_CAN1_Init             0x800'1471   0x58  Code  Gb  can.o [1]
MX_CAN2_Init             0x800'14c9   0x58  Code  Gb  can.o [1]
MX_GPIO_Init             0x800'1c35   0x9c  Code  Gb  gpio.o [1]
MemManage_Handler        0x800'25d1    0x2  Code  Gb  stm32f4xx_it.o [1]
NMI_Handler              0x800'25cd    0x2  Code  Gb  stm32f4xx_it.o [1]
NVIC_EncodePriority      0x800'1b21   0x40  Code  Lc  stm32f4xx_hal_cortex.o [1]
PendSV_Handler           0x800'25db    0x2  Code  Gb  stm32f4xx_it.o [1]
RealDataToCanData        0x800'0abd   0x2a  Code  Gb  DeepJ60_can.o [1]
ReceiveCanDataToJ60MotorConfig
                         0x800'0455   0x28  Code  Gb  DeepJ60_Motor.o [1]
ReceiveCanDataToJ60MotorData
                         0x800'0511   0x50  Code  Gb  DeepJ60_Motor.o [1]
ReceiveCanDataToJ60MotorMotionData
                         0x800'0349   0xd4  Code  Gb  DeepJ60_Motor.o [1]
ReceiveCommandStatusToJ60MotorCommandStatus
                         0x800'047d    0x6  Code  Gb  DeepJ60_Motor.o [1]
ReceiveStatusWordToJ60MotorStatusWord
                         0x800'0483   0x5a  Code  Gb  DeepJ60_Motor.o [1]
Region$$Table$$Base      0x800'26b8          --   Gb  - Linker created -
Region$$Table$$Limit     0x800'26dc          --   Gb  - Linker created -
RunJ60Motor              0x800'0905  0x13a  Code  Gb  DeepJ60_Motor.o [1]
RunJ60MotorKdMode        0x800'0701   0x62  Code  Gb  DeepJ60_Motor.o [1]
RunJ60MotorPositionMode
                         0x800'05c9   0x6a  Code  Gb  DeepJ60_Motor.o [1]
RunJ60MotorPositionTorqueMode
                         0x800'07bd   0x6c  Code  Gb  DeepJ60_Motor.o [1]
RunJ60MotorPositonVelocityTorqueMode
                         0x800'0895   0x70  Code  Gb  DeepJ60_Motor.o [1]
RunJ60MotorTorqueMode    0x800'069d   0x62  Code  Gb  DeepJ60_Motor.o [1]
RunJ60MotorVelocityMode
                         0x800'0635   0x66  Code  Gb  DeepJ60_Motor.o [1]
RunJ60MotorVelocityTorqueMode
                         0x800'0829   0x68  Code  Gb  DeepJ60_Motor.o [1]
RunJ60MotorZeroTorqueMode
                         0x800'0765   0x56  Code  Gb  DeepJ60_Motor.o [1]
SVC_Handler              0x800'25d7    0x2  Code  Gb  stm32f4xx_it.o [1]
SetMotionCommand         0x800'0243   0x4e  Code  Gb  DeepJ60_Motor.o [1]
SetMotionParameters      0x800'01a1   0xa2  Code  Gb  DeepJ60_Motor.o [1]
SetNormalCommand         0x800'0291    0x8  Code  Gb  DeepJ60_Motor.o [1]
StartCan                 0x800'0a75   0x48  Code  Gb  DeepJ60_can.o [1]
StartJ60MotorCommand     0x800'0189   0x18  Code  Gb  DeepJ60_Motor.o [1]
SysTick_Config           0x800'1b61   0x30  Code  Lc  stm32f4xx_hal_cortex.o [1]
SysTick_Handler          0x800'25dd    0x8  Code  Gb  stm32f4xx_it.o [1]
SystemClock_Config       0x800'176b   0xa2  Code  Gb  main.o [1]
SystemCoreClock         0x2000'0004    0x4  Data  Gb  system_stm32f4xx.o [1]
SystemInit               0x800'2745    0xc  Code  Gb  system_stm32f4xx.o [1]
TxMailBox               0x2000'0360    0x4  Data  Gb  DeepJ60_can.o [1]
UsageFault_Handler       0x800'25d5    0x2  Code  Gb  stm32f4xx_it.o [1]
__NVIC_EnableIRQ         0x800'1ad5   0x20  Code  Lc  stm32f4xx_hal_cortex.o [1]
__NVIC_GetPriorityGrouping
                         0x800'1ac7    0xc  Code  Lc  stm32f4xx_hal_cortex.o [1]
__NVIC_SetPriority       0x800'1af5   0x2c  Code  Lc  stm32f4xx_hal_cortex.o [1]
__NVIC_SetPriorityGrouping
                         0x800'1aa5   0x22  Code  Lc  stm32f4xx_hal_cortex.o [1]
__aeabi_ldiv0            0x800'25c9         Code  Gb  I64DivZer.o [4]
__aeabi_memclr4          0x800'1829         Code  Gb  ABImemclr4.o [4]
__aeabi_uldivmod         0x800'2399         Code  Gb  I64DivMod.o [4]
__cmain                  0x800'26dd         Code  Gb  cmain.o [4]
__exit                   0x800'2711   0x14  Code  Gb  exit.o [5]
__iar_Memset4_word       0x800'22d9         Code  Gb  ABImemset48.o [4]
__iar_Memset8_word       0x800'22d9         Code  Gb  ABImemset48.o [4]
__iar_copy_init3         0x800'2641   0x2c  Code  Gb  copy_init3.o [4]
__iar_data_init3         0x800'266d   0x28  Code  Gb  data_init.o [4]
__iar_init_vfp           0x800'2695         Code  Gb  fpinit_M.o [3]
__iar_program_start      0x800'2755         Code  Gb  cstartup_M.o [4]
__iar_zero_init3         0x800'1437   0x3a  Code  Gb  zero_init3.o [4]
__low_level_init         0x800'26fb    0x4  Code  Gb  low_level_init.o [2]
__vector_table           0x800'0000         Data  Gb  startup_stm32f407xx.o [1]
_call_main               0x800'26e9         Code  Gb  cmain.o [4]
_exit                    0x800'2705         Code  Gb  cexit.o [4]
_main                    0x800'26f7         Code  Gb  cmain.o [4]
exit                     0x800'26ff    0x4  Code  Gb  exit.o [2]
hcan1                   0x2000'02f0   0x28  Data  Gb  can.o [1]
hcan1_filter            0x2000'02a0   0x28  Data  Gb  can.o [1]
hcan2                   0x2000'0318   0x28  Data  Gb  can.o [1]
hcan2_filter            0x2000'02c8   0x28  Data  Gb  can.o [1]
main                     0x800'1721   0x4a  Code  Gb  main.o [1]
uwTick                  0x2000'0364    0x4  Data  Gb  stm32f4xx_hal.o [1]
uwTickFreq              0x2000'0008    0x1  Data  Gb  stm32f4xx_hal.o [1]
uwTickPrio              0x2000'0000    0x4  Data  Gb  stm32f4xx_hal.o [1]


[1] = F:\none\Study\Other\my\Deep-J60-Motor\STM32_DeepJ60_test\EWARM\STM32_DeepJ60_test\Obj
[2] = dl7M_tln.a
[3] = m7M_tls.a
[4] = rt7M_tl.a
[5] = shb_l.a

  10 326 bytes of readonly  code memory
      66 bytes of readonly  data memory
   1 894 bytes of readwrite data memory

Errors: none
Warnings: none
