###############################################################################
#
# IAR ELF Linker V8.32.1.169/W32 for ARM                  30/Oct/2024  21:51:54
# Copyright 2007-2018 IAR Systems AB.
#
#    Output file  =  
#        F:\none\Study\Other\my\Deep-J60-Motor\STM32_DeepJ60_test\EWARM\STM32_DeepJ60_test\Exe\STM32_DeepJ60_test.out
#    Map file     =  
#        F:\none\Study\Other\my\Deep-J60-Motor\STM32_DeepJ60_test\EWARM\STM32_DeepJ60_test\List\STM32_DeepJ60_test.map
#    Command line =  
#        -f C:\Users\86136\AppData\Local\Temp\EWF448.tmp
#        (F:\none\Study\Other\my\Deep-J60-Motor\STM32_DeepJ60_test\EWARM\STM32_DeepJ60_test\Obj\Callback.o
#        F:\none\Study\Other\my\Deep-J60-Motor\STM32_DeepJ60_test\EWARM\STM32_DeepJ60_test\Obj\can.o
#        F:\none\Study\Other\my\Deep-J60-Motor\STM32_DeepJ60_test\EWARM\STM32_DeepJ60_test\Obj\DeepJ60_can.o
#        F:\none\Study\Other\my\Deep-J60-Motor\STM32_DeepJ60_test\EWARM\STM32_DeepJ60_test\Obj\DeepJ60_Motor.o
#        F:\none\Study\Other\my\Deep-J60-Motor\STM32_DeepJ60_test\EWARM\STM32_DeepJ60_test\Obj\gpio.o
#        F:\none\Study\Other\my\Deep-J60-Motor\STM32_DeepJ60_test\EWARM\STM32_DeepJ60_test\Obj\main.o
#        F:\none\Study\Other\my\Deep-J60-Motor\STM32_DeepJ60_test\EWARM\STM32_DeepJ60_test\Obj\startup_stm32f407xx.o
#        F:\none\Study\Other\my\Deep-J60-Motor\STM32_DeepJ60_test\EWARM\STM32_DeepJ60_test\Obj\stm32f4xx_hal.o
#        F:\none\Study\Other\my\Deep-J60-Motor\STM32_DeepJ60_test\EWARM\STM32_DeepJ60_test\Obj\stm32f4xx_hal_can.o
#        F:\none\Study\Other\my\Deep-J60-Motor\STM32_DeepJ60_test\EWARM\STM32_DeepJ60_test\Obj\stm32f4xx_hal_cortex.o
#        F:\none\Study\Other\my\Deep-J60-Motor\STM32_DeepJ60_test\EWARM\STM32_DeepJ60_test\Obj\stm32f4xx_hal_dma.o
#        F:\none\Study\Other\my\Deep-J60-Motor\STM32_DeepJ60_test\EWARM\STM32_DeepJ60_test\Obj\stm32f4xx_hal_dma_ex.o
#        F:\none\Study\Other\my\Deep-J60-Motor\STM32_DeepJ60_test\EWARM\STM32_DeepJ60_test\Obj\stm32f4xx_hal_exti.o
#        F:\none\Study\Other\my\Deep-J60-Motor\STM32_DeepJ60_test\EWARM\STM32_DeepJ60_test\Obj\stm32f4xx_hal_flash.o
#        F:\none\Study\Other\my\Deep-J60-Motor\STM32_DeepJ60_test\EWARM\STM32_DeepJ60_test\Obj\stm32f4xx_hal_flash_ex.o
#        F:\none\Study\Other\my\Deep-J60-Motor\STM32_DeepJ60_test\EWARM\STM32_DeepJ60_test\Obj\stm32f4xx_hal_flash_ramfunc.o
#        F:\none\Study\Other\my\Deep-J60-Motor\STM32_DeepJ60_test\EWARM\STM32_DeepJ60_test\Obj\stm32f4xx_hal_gpio.o
#        F:\none\Study\Other\my\Deep-J60-Motor\STM32_DeepJ60_test\EWARM\STM32_DeepJ60_test\Obj\stm32f4xx_hal_msp.o
#        F:\none\Study\Other\my\Deep-J60-Motor\STM32_DeepJ60_test\EWARM\STM32_DeepJ60_test\Obj\stm32f4xx_hal_pwr.o
#        F:\none\Study\Other\my\Deep-J60-Motor\STM32_DeepJ60_test\EWARM\STM32_DeepJ60_test\Obj\stm32f4xx_hal_pwr_ex.o
#        F:\none\Study\Other\my\Deep-J60-Motor\STM32_DeepJ60_test\EWARM\STM32_DeepJ60_test\Obj\stm32f4xx_hal_rcc.o
#        F:\none\Study\Other\my\Deep-J60-Motor\STM32_DeepJ60_test\EWARM\STM32_DeepJ60_test\Obj\stm32f4xx_hal_rcc_ex.o
#        F:\none\Study\Other\my\Deep-J60-Motor\STM32_DeepJ60_test\EWARM\STM32_DeepJ60_test\Obj\stm32f4xx_hal_tim.o
#        F:\none\Study\Other\my\Deep-J60-Motor\STM32_DeepJ60_test\EWARM\STM32_DeepJ60_test\Obj\stm32f4xx_hal_tim_ex.o
#        F:\none\Study\Other\my\Deep-J60-Motor\STM32_DeepJ60_test\EWARM\STM32_DeepJ60_test\Obj\stm32f4xx_it.o
#        F:\none\Study\Other\my\Deep-J60-Motor\STM32_DeepJ60_test\EWARM\STM32_DeepJ60_test\Obj\system_stm32f4xx.o
#        --no_out_extension -o
#        F:\none\Study\Other\my\Deep-J60-Motor\STM32_DeepJ60_test\EWARM\STM32_DeepJ60_test\Exe\STM32_DeepJ60_test.out
#        --redirect _Printf=_PrintfFullNoMb --redirect _Scanf=_ScanfFullNoMb
#        --map
#        F:\none\Study\Other\my\Deep-J60-Motor\STM32_DeepJ60_test\EWARM\STM32_DeepJ60_test\List\STM32_DeepJ60_test.map
#        --config
#        F:\none\Study\Other\my\Deep-J60-Motor\STM32_DeepJ60_test\EWARM/stm32f407xx_flash.icf
#        --semihosting --entry __iar_program_start --vfe --text_out locale)
#
###############################################################################

*******************************************************************************
*** RUNTIME MODEL ATTRIBUTES
***

CppFlavor       = *
__SystemLibrary = DLib
__dlib_version  = 6


*******************************************************************************
*** HEAP SELECTION
***

The basic heap was selected because no calls to memory allocation
functions were found in the application outside of system library
functions, and there are calls to deallocation functions in the
application.


*******************************************************************************
*** PLACEMENT SUMMARY
***

"A0":  place at 0x800'0000 { ro section .intvec };
"P1":  place in [from 0x800'0000 to 0x80f'ffff] { ro };
define block CSTACK with size = 1K, alignment = 8 { };
define block HEAP with size = 512, alignment = 8 { };
"P2":  place in [from 0x2000'0000 to 0x2001'ffff] {
          rw, block CSTACK, block HEAP };
initialize by copy { rw };

  Section            Kind         Address    Size  Object
  -------            ----         -------    ----  ------
"A0":                                       0x188
  .intvec            ro code   0x800'0000   0x188  startup_stm32f407xx.o [1]
                             - 0x800'0188   0x188

"P1":                                      0x2744
  .text              ro code   0x800'0188   0x8c8  DeepJ60_Motor.o [1]
  .text              ro code   0x800'0a50   0x198  DeepJ60_can.o [1]
  .text              ro code   0x800'0be8   0x7e2  stm32f4xx_hal_can.o [1]
  .text              ro code   0x800'13ca    0x3a  zero_init3.o [4]
  .text              ro code   0x800'1404   0x29c  can.o [1]
  .text              ro code   0x800'16a0     0xc  stm32f4xx_hal.o [1]
  .text              ro code   0x800'16ac     0x2  stm32f4xx_hal_can.o [1]
  .text              ro code   0x800'16ae     0x2  stm32f4xx_hal_can.o [1]
  .text              ro code   0x800'16b0     0x2  stm32f4xx_hal_can.o [1]
  .text              ro code   0x800'16b2     0x2  stm32f4xx_hal_can.o [1]
  .text              ro code   0x800'16b4     0x2  stm32f4xx_hal_can.o [1]
  .text              ro code   0x800'16b6     0x2  stm32f4xx_hal_can.o [1]
  .text              ro code   0x800'16b8     0x2  stm32f4xx_hal_can.o [1]
  .text              ro code   0x800'16bc    0x4c  Callback.o [1]
  .text              ro code   0x800'1708     0x2  stm32f4xx_hal_can.o [1]
  .text              ro code   0x800'170a     0x2  stm32f4xx_hal_can.o [1]
  .text              ro code   0x800'170c     0x2  stm32f4xx_hal_can.o [1]
  .text              ro code   0x800'170e     0x2  stm32f4xx_hal_can.o [1]
  .text              ro code   0x800'1710   0x14c  main.o [1]
  .text              ro code   0x800'185c     0x6  ABImemclr4.o [4]
  .text              ro code   0x800'1864   0x274  stm32f4xx_hal_gpio.o [1]
  .text              ro code   0x800'1ad8   0x15c  stm32f4xx_hal_cortex.o [1]
  .text              ro code   0x800'1c34    0x34  stm32f4xx_hal.o [1]
  .text              ro code   0x800'1c68    0x9c  gpio.o [1]
  .text              ro code   0x800'1d04    0x28  stm32f4xx_hal.o [1]
  .text              ro code   0x800'1d2c   0x3ec  stm32f4xx_hal_rcc.o [1]
  .text              ro code   0x800'2118   0x1f4  stm32f4xx_hal_rcc.o [1]
  .text              ro code   0x800'230c    0x32  ABImemset48.o [4]
  .text              ro code   0x800'2340    0x4c  stm32f4xx_hal.o [1]
  .text              ro code   0x800'238c    0x40  stm32f4xx_hal_msp.o [1]
  .text              ro code   0x800'23cc   0x230  I64DivMod.o [4]
  .text              ro code   0x800'25fc     0x2  I64DivZer.o [4]
  .text              ro code   0x800'2600    0x5c  stm32f4xx_it.o [1]
  .text              ro code   0x800'265c    0x18  stm32f4xx_hal.o [1]
  .text              ro code   0x800'2674    0x2c  copy_init3.o [4]
  .text              ro code   0x800'26a0    0x28  data_init.o [4]
  .text              ro code   0x800'26c8    0x22  fpinit_M.o [3]
  .iar.init_table    const     0x800'26ec    0x24  - Linker created -
  .text              ro code   0x800'2710    0x1e  cmain.o [4]
  .text              ro code   0x800'272e     0x4  low_level_init.o [2]
  .text              ro code   0x800'2732     0x4  exit.o [2]
  .text              ro code   0x800'2738     0xa  cexit.o [4]
  .text              ro code   0x800'2744    0x14  exit.o [5]
  .rodata            const     0x800'2758    0x10  system_stm32f4xx.o [1]
  .text              ro code   0x800'2768    0x10  startup_stm32f407xx.o [1]
  .text              ro code   0x800'2778    0x10  system_stm32f4xx.o [1]
  .text              ro code   0x800'2788     0xc  cstartup_M.o [4]
  Initializer bytes  const     0x800'2794     0xc  <for P2-1>
  .text              ro code   0x800'27a0     0x4  startup_stm32f407xx.o [1]
  .text              ro code   0x800'27a4     0x4  startup_stm32f407xx.o [1]
  .text              ro code   0x800'27a8     0x4  startup_stm32f407xx.o [1]
  .text              ro code   0x800'27ac     0x4  startup_stm32f407xx.o [1]
  .text              ro code   0x800'27b0     0x4  startup_stm32f407xx.o [1]
  .text              ro code   0x800'27b4     0x4  startup_stm32f407xx.o [1]
  .text              ro code   0x800'27b8     0x4  startup_stm32f407xx.o [1]
  .text              ro code   0x800'27bc     0x4  startup_stm32f407xx.o [1]
  .text              ro code   0x800'27c0     0x4  startup_stm32f407xx.o [1]
  .text              ro code   0x800'27c4     0x4  startup_stm32f407xx.o [1]
  .text              ro code   0x800'27c8     0x4  startup_stm32f407xx.o [1]
  .text              ro code   0x800'27cc     0x4  startup_stm32f407xx.o [1]
  .text              ro code   0x800'27d0     0x4  startup_stm32f407xx.o [1]
  .text              ro code   0x800'27d4     0x4  startup_stm32f407xx.o [1]
  .text              ro code   0x800'27d8     0x4  startup_stm32f407xx.o [1]
  .text              ro code   0x800'27dc     0x4  startup_stm32f407xx.o [1]
  .text              ro code   0x800'27e0     0x4  startup_stm32f407xx.o [1]
  .text              ro code   0x800'27e4     0x4  startup_stm32f407xx.o [1]
  .text              ro code   0x800'27e8     0x4  startup_stm32f407xx.o [1]
  .text              ro code   0x800'27ec     0x4  startup_stm32f407xx.o [1]
  .text              ro code   0x800'27f0     0x4  startup_stm32f407xx.o [1]
  .text              ro code   0x800'27f4     0x4  startup_stm32f407xx.o [1]
  .text              ro code   0x800'27f8     0x4  startup_stm32f407xx.o [1]
  .text              ro code   0x800'27fc     0x4  startup_stm32f407xx.o [1]
  .text              ro code   0x800'2800     0x4  startup_stm32f407xx.o [1]
  .text              ro code   0x800'2804     0x4  startup_stm32f407xx.o [1]
  .text              ro code   0x800'2808     0x4  startup_stm32f407xx.o [1]
  .text              ro code   0x800'280c     0x4  startup_stm32f407xx.o [1]
  .text              ro code   0x800'2810     0x4  startup_stm32f407xx.o [1]
  .text              ro code   0x800'2814     0x4  startup_stm32f407xx.o [1]
  .text              ro code   0x800'2818     0x4  startup_stm32f407xx.o [1]
  .text              ro code   0x800'281c     0x4  startup_stm32f407xx.o [1]
  .text              ro code   0x800'2820     0x4  startup_stm32f407xx.o [1]
  .text              ro code   0x800'2824     0x4  startup_stm32f407xx.o [1]
  .text              ro code   0x800'2828     0x4  startup_stm32f407xx.o [1]
  .text              ro code   0x800'282c     0x4  startup_stm32f407xx.o [1]
  .text              ro code   0x800'2830     0x4  startup_stm32f407xx.o [1]
  .text              ro code   0x800'2834     0x4  startup_stm32f407xx.o [1]
  .text              ro code   0x800'2838     0x4  startup_stm32f407xx.o [1]
  .text              ro code   0x800'283c     0x4  startup_stm32f407xx.o [1]
  .text              ro code   0x800'2840     0x4  startup_stm32f407xx.o [1]
  .text              ro code   0x800'2844     0x4  startup_stm32f407xx.o [1]
  .text              ro code   0x800'2848     0x4  startup_stm32f407xx.o [1]
  .text              ro code   0x800'284c     0x4  startup_stm32f407xx.o [1]
  .text              ro code   0x800'2850     0x4  startup_stm32f407xx.o [1]
  .text              ro code   0x800'2854     0x4  startup_stm32f407xx.o [1]
  .text              ro code   0x800'2858     0x4  startup_stm32f407xx.o [1]
  .text              ro code   0x800'285c     0x4  startup_stm32f407xx.o [1]
  .text              ro code   0x800'2860     0x4  startup_stm32f407xx.o [1]
  .text              ro code   0x800'2864     0x4  startup_stm32f407xx.o [1]
  .text              ro code   0x800'2868     0x4  startup_stm32f407xx.o [1]
  .text              ro code   0x800'286c     0x4  startup_stm32f407xx.o [1]
  .text              ro code   0x800'2870     0x4  startup_stm32f407xx.o [1]
  .text              ro code   0x800'2874     0x4  startup_stm32f407xx.o [1]
  .text              ro code   0x800'2878     0x4  startup_stm32f407xx.o [1]
  .text              ro code   0x800'287c     0x4  startup_stm32f407xx.o [1]
  .text              ro code   0x800'2880     0x4  startup_stm32f407xx.o [1]
  .text              ro code   0x800'2884     0x4  startup_stm32f407xx.o [1]
  .text              ro code   0x800'2888     0x4  startup_stm32f407xx.o [1]
  .text              ro code   0x800'288c     0x4  startup_stm32f407xx.o [1]
  .text              ro code   0x800'2890     0x4  startup_stm32f407xx.o [1]
  .text              ro code   0x800'2894     0x4  startup_stm32f407xx.o [1]
  .text              ro code   0x800'2898     0x4  startup_stm32f407xx.o [1]
  .text              ro code   0x800'289c     0x4  startup_stm32f407xx.o [1]
  .text              ro code   0x800'28a0     0x4  startup_stm32f407xx.o [1]
  .text              ro code   0x800'28a4     0x4  startup_stm32f407xx.o [1]
  .text              ro code   0x800'28a8     0x4  startup_stm32f407xx.o [1]
  .text              ro code   0x800'28ac     0x4  startup_stm32f407xx.o [1]
  .text              ro code   0x800'28b0     0x4  startup_stm32f407xx.o [1]
  .text              ro code   0x800'28b4     0x4  startup_stm32f407xx.o [1]
  .text              ro code   0x800'28b8     0x4  startup_stm32f407xx.o [1]
  .text              ro code   0x800'28bc     0x4  startup_stm32f407xx.o [1]
  .text              ro code   0x800'28c0     0x4  startup_stm32f407xx.o [1]
  .text              ro code   0x800'28c4     0x4  startup_stm32f407xx.o [1]
  .text              ro code   0x800'28c8     0x4  startup_stm32f407xx.o [1]
  .rodata            const     0x800'28cc     0x0  zero_init3.o [4]
  .rodata            const     0x800'28cc     0x0  copy_init3.o [4]
                             - 0x800'28cc  0x2744

"P2", part 1 of 3:                            0xc
  P2-1                        0x2000'0000     0x9  <Init block>
    .data            inited   0x2000'0000     0x4  stm32f4xx_hal.o [1]
    .data            inited   0x2000'0004     0x4  system_stm32f4xx.o [1]
    .data            inited   0x2000'0008     0x1  stm32f4xx_hal.o [1]
                            - 0x2000'0009     0x9

"P2", part 2 of 3:                          0x550
  .bss               zero     0x2000'000c   0x240  DeepJ60_Motor.o [1]
  .bss               zero     0x2000'024c   0x240  DeepJ60_Motor.o [1]
  .bss               zero     0x2000'048c    0x54  DeepJ60_can.o [1]
  .bss               zero     0x2000'04e0    0x28  can.o [1]
  .bss               zero     0x2000'0508    0x28  can.o [1]
  .bss               zero     0x2000'0530    0x1c  DeepJ60_can.o [1]
  .bss               zero     0x2000'054c     0x4  can.o [1]
  .bss               zero     0x2000'0550     0x4  DeepJ60_can.o [1]
  .bss               zero     0x2000'0554     0x4  stm32f4xx_hal.o [1]
  .bss               zero     0x2000'0558     0x1  main.o [1]
  .bss               zero     0x2000'0559     0x1  main.o [1]
                            - 0x2000'055a   0x54e

"P2", part 3 of 3:                          0x400
  CSTACK                      0x2000'0560   0x400  <Block>
    CSTACK           uninit   0x2000'0560   0x400  <Block tail>
                            - 0x2000'0960   0x400

Unused ranges:

         From           To      Size
         ----           --      ----
   0x800'28cc   0x80f'ffff  0xf'd734
  0x2000'055c  0x2000'055f       0x4
  0x2000'0960  0x2001'ffff  0x1'f6a0


*******************************************************************************
*** INIT TABLE
***

          Address      Size
          -------      ----
Zero (__iar_zero_init3)
    1 destination range, total size 0x54e:
          0x2000'000c  0x54e

Copy (__iar_copy_init3)
    1 source range, total size 0xc (133% of destination):
           0x800'2794    0xc
    1 destination range, total size 0x9:
          0x2000'0000    0x9



*******************************************************************************
*** MODULE SUMMARY
***

    Module                  ro code  ro data  rw data
    ------                  -------  -------  -------
command line/config:
    -------------------------------------------------
    Total:

F:\none\Study\Other\my\Deep-J60-Motor\STM32_DeepJ60_test\EWARM\STM32_DeepJ60_test\Obj: [1]
    Callback.o                   76
    DeepJ60_Motor.o           2 248             1 152
    DeepJ60_can.o               408               116
    can.o                       668                84
    gpio.o                      156
    main.o                      332                 2
    startup_stm32f407xx.o       708
    stm32f4xx_hal.o             204        5        9
    stm32f4xx_hal_can.o       2 040
    stm32f4xx_hal_cortex.o      348
    stm32f4xx_hal_gpio.o        628
    stm32f4xx_hal_msp.o          64
    stm32f4xx_hal_rcc.o       1 504
    stm32f4xx_it.o               92
    system_stm32f4xx.o           16       20        4
    -------------------------------------------------
    Total:                    9 492       25    1 367

dl7M_tln.a: [2]
    exit.o                        4
    low_level_init.o              4
    -------------------------------------------------
    Total:                        8

m7M_tls.a: [3]
    fpinit_M.o                   34
    -------------------------------------------------
    Total:                       34

rt7M_tl.a: [4]
    ABImemclr4.o                  6
    ABImemset48.o                50
    I64DivMod.o                 560
    I64DivZer.o                   2
    cexit.o                      10
    cmain.o                      30
    copy_init3.o                 44
    cstartup_M.o                 12
    data_init.o                  40
    zero_init3.o                 58
    -------------------------------------------------
    Total:                      812

shb_l.a: [5]
    exit.o                       20
    -------------------------------------------------
    Total:                       20

    Gaps                         12        2
    Linker created                        39    1 024
-----------------------------------------------------
    Grand Total:             10 378       66    2 391


*******************************************************************************
*** ENTRY LIST
***

Entry                       Address   Size  Type      Object
-----                       -------   ----  ----      ------
.iar.init_table$$Base    0x800'26ec          --   Gb  - Linker created -
.iar.init_table$$Limit   0x800'2710          --   Gb  - Linker created -
?main                    0x800'2711         Code  Gb  cmain.o [4]
AHBPrescTable            0x800'2758   0x10  Data  Gb  system_stm32f4xx.o [1]
AnalyseJ60MotorReceiveData
                         0x800'0a1f   0x26  Code  Gb  DeepJ60_Motor.o [1]
BusFault_Handler         0x800'2607    0x2  Code  Gb  stm32f4xx_it.o [1]
CAN1_FilterConfig        0x800'160b   0x38  Code  Gb  can.o [1]
CAN1_RX0_IRQHandler      0x800'2623    0xa  Code  Gb  stm32f4xx_it.o [1]
CAN1_RX1_IRQHandler      0x800'262d    0xa  Code  Gb  stm32f4xx_it.o [1]
CAN1_TX_IRQHandler       0x800'2619    0xa  Code  Gb  stm32f4xx_it.o [1]
CAN2_FilterConfig        0x800'1643   0x38  Code  Gb  can.o [1]
CAN2_RX0_IRQHandler      0x800'2641    0xa  Code  Gb  stm32f4xx_it.o [1]
CAN2_RX1_IRQHandler      0x800'264b    0xa  Code  Gb  stm32f4xx_it.o [1]
CAN2_TX_IRQHandler       0x800'2637    0xa  Code  Gb  stm32f4xx_it.o [1]
CSTACK$$Base            0x2000'0560          --   Gb  - Linker created -
CSTACK$$Limit           0x2000'0960          --   Gb  - Linker created -
Can                     0x2000'048c   0x54  Data  Gb  DeepJ60_can.o [1]
CanDataToRealData        0x800'0a7b   0x2a  Code  Gb  DeepJ60_can.o [1]
CanRxInformation        0x2000'0530   0x1c  Data  Gb  DeepJ60_can.o [1]
Can_Receive              0x800'0b57   0x80  Code  Gb  DeepJ60_can.o [1]
Can_Send                 0x800'0aa5   0xb2  Code  Gb  DeepJ60_can.o [1]
DebugMon_Handler         0x800'260d    0x2  Code  Gb  stm32f4xx_it.o [1]
EnableJ60Motor           0x800'055d   0x3c  Code  Gb  DeepJ60_Motor.o [1]
Error_Handler            0x800'1859    0x4  Code  Gb  main.o [1]
Flag1                   0x2000'0558    0x1  Data  Gb  main.o [1]
Flag2                   0x2000'0559    0x1  Data  Gb  main.o [1]
GetJ60MotorCanID         0x800'0549    0xe  Code  Gb  DeepJ60_Motor.o [1]
HAL_CAN_ActivateNotification
                         0x800'1173   0x34  Code  Gb  stm32f4xx_hal_can.o [1]
HAL_CAN_AddTxMessage     0x800'0edd  0x126  Code  Gb  stm32f4xx_hal_can.o [1]
HAL_CAN_ConfigFilter     0x800'0d55  0x128  Code  Gb  stm32f4xx_hal_can.o [1]
HAL_CAN_GetRxMessage     0x800'1003  0x170  Code  Gb  stm32f4xx_hal_can.o [1]
HAL_CAN_IRQHandler       0x800'11a7  0x224  Code  Gb  stm32f4xx_hal_can.o [1]
HAL_CAN_Init             0x800'0be9  0x16c  Code  Gb  stm32f4xx_hal_can.o [1]
HAL_CAN_MspInit          0x800'14b9  0x152  Code  Gb  can.o [1]
HAL_CAN_RxFifo0MsgPendingCallback
                         0x800'16bd   0x1c  Code  Gb  Callback.o [1]
HAL_CAN_RxFifo1MsgPendingCallback
                         0x800'16d9   0x1c  Code  Gb  Callback.o [1]
HAL_CAN_Start            0x800'0e7d   0x5c  Code  Gb  stm32f4xx_hal_can.o [1]
HAL_Delay                0x800'1d05   0x28  Code  Wk  stm32f4xx_hal.o [1]
HAL_GPIO_Init            0x800'1865  0x222  Code  Gb  stm32f4xx_hal_gpio.o [1]
HAL_GPIO_WritePin        0x800'1a87   0x1a  Code  Gb  stm32f4xx_hal_gpio.o [1]
HAL_GetTick              0x800'16a1    0xc  Code  Wk  stm32f4xx_hal.o [1]
HAL_IncTick              0x800'265d   0x18  Code  Wk  stm32f4xx_hal.o [1]
HAL_Init                 0x800'1c35   0x30  Code  Gb  stm32f4xx_hal.o [1]
HAL_InitTick             0x800'2341   0x4c  Code  Wk  stm32f4xx_hal.o [1]
HAL_MspInit              0x800'238d   0x40  Code  Gb  stm32f4xx_hal_msp.o [1]
HAL_NVIC_EnableIRQ       0x800'1bfb    0xe  Code  Gb  stm32f4xx_hal_cortex.o [1]
HAL_NVIC_SetPriority     0x800'1bd1   0x2a  Code  Gb  stm32f4xx_hal_cortex.o [1]
HAL_NVIC_SetPriorityGrouping
                         0x800'1bc5    0xc  Code  Gb  stm32f4xx_hal_cortex.o [1]
HAL_RCC_CAN1_CLK_ENABLED
                        0x2000'054c    0x4  Data  Lc  can.o [1]
HAL_RCC_ClockConfig      0x800'2119  0x140  Code  Gb  stm32f4xx_hal_rcc.o [1]
HAL_RCC_OscConfig        0x800'1d2d  0x3ec  Code  Wk  stm32f4xx_hal_rcc.o [1]
HAL_SYSTICK_Config       0x800'1c09    0xc  Code  Gb  stm32f4xx_hal_cortex.o [1]
HardFault_Handler        0x800'2603    0x2  Code  Gb  stm32f4xx_it.o [1]
J60MotorConfigToSendCanData
                         0x800'0415   0x28  Code  Gb  DeepJ60_Motor.o [1]
J60MotorDataToSendCanData
                         0x800'04c5   0x34  Code  Gb  DeepJ60_Motor.o [1]
J60MotorMotionDataToSendCanData
                         0x800'0281   0xae  Code  Gb  DeepJ60_Motor.o [1]
J60Motor_CAN1           0x2000'000c  0x240  Data  Gb  DeepJ60_Motor.o [1]
J60Motor_CAN2           0x2000'024c  0x240  Data  Gb  DeepJ60_Motor.o [1]
MX_CAN1_Init             0x800'1405   0x5a  Code  Gb  can.o [1]
MX_CAN2_Init             0x800'145f   0x5a  Code  Gb  can.o [1]
MX_GPIO_Init             0x800'1c69   0x9c  Code  Gb  gpio.o [1]
MemManage_Handler        0x800'2605    0x2  Code  Gb  stm32f4xx_it.o [1]
NMI_Handler              0x800'2601    0x2  Code  Gb  stm32f4xx_it.o [1]
NVIC_EncodePriority      0x800'1b55   0x40  Code  Lc  stm32f4xx_hal_cortex.o [1]
PendSV_Handler           0x800'260f    0x2  Code  Gb  stm32f4xx_it.o [1]
RealDataToCanData        0x800'0a51   0x2a  Code  Gb  DeepJ60_can.o [1]
ReceiveCanDataToJ60MotorConfig
                         0x800'043d   0x28  Code  Gb  DeepJ60_Motor.o [1]
ReceiveCanDataToJ60MotorData
                         0x800'04f9   0x50  Code  Gb  DeepJ60_Motor.o [1]
ReceiveCanDataToJ60MotorMotionData
                         0x800'0331   0xd4  Code  Gb  DeepJ60_Motor.o [1]
ReceiveCommandStatusToJ60MotorCommandStatus
                         0x800'0465    0x6  Code  Gb  DeepJ60_Motor.o [1]
ReceiveStatusWordToJ60MotorStatusWord
                         0x800'046b   0x5a  Code  Gb  DeepJ60_Motor.o [1]
Region$$Table$$Base      0x800'26ec          --   Gb  - Linker created -
Region$$Table$$Limit     0x800'2710          --   Gb  - Linker created -
RunJ60Motor              0x800'08e5  0x13a  Code  Gb  DeepJ60_Motor.o [1]
RunJ60MotorKdMode        0x800'06e1   0x62  Code  Gb  DeepJ60_Motor.o [1]
RunJ60MotorPositionMode
                         0x800'05a9   0x6a  Code  Gb  DeepJ60_Motor.o [1]
RunJ60MotorPositionTorqueMode
                         0x800'079d   0x6c  Code  Gb  DeepJ60_Motor.o [1]
RunJ60MotorPositonVelocityTorqueMode
                         0x800'0875   0x70  Code  Gb  DeepJ60_Motor.o [1]
RunJ60MotorTorqueMode    0x800'067d   0x62  Code  Gb  DeepJ60_Motor.o [1]
RunJ60MotorVelocityMode
                         0x800'0615   0x66  Code  Gb  DeepJ60_Motor.o [1]
RunJ60MotorVelocityTorqueMode
                         0x800'0809   0x68  Code  Gb  DeepJ60_Motor.o [1]
RunJ60MotorZeroTorqueMode
                         0x800'0745   0x56  Code  Gb  DeepJ60_Motor.o [1]
SVC_Handler              0x800'260b    0x2  Code  Gb  stm32f4xx_it.o [1]
SetMotionCommand         0x800'022b   0x4e  Code  Gb  DeepJ60_Motor.o [1]
SetMotionParameters      0x800'0189   0xa2  Code  Gb  DeepJ60_Motor.o [1]
SetNormalCommand         0x800'0279    0x8  Code  Gb  DeepJ60_Motor.o [1]
SysTick_Config           0x800'1b95   0x30  Code  Lc  stm32f4xx_hal_cortex.o [1]
SysTick_Handler          0x800'2611    0x8  Code  Gb  stm32f4xx_it.o [1]
SystemClock_Config       0x800'1795   0xa2  Code  Gb  main.o [1]
SystemCoreClock         0x2000'0004    0x4  Data  Gb  system_stm32f4xx.o [1]
SystemInit               0x800'2779    0xc  Code  Gb  system_stm32f4xx.o [1]
TxMailBox               0x2000'0550    0x4  Data  Gb  DeepJ60_can.o [1]
UsageFault_Handler       0x800'2609    0x2  Code  Gb  stm32f4xx_it.o [1]
__NVIC_EnableIRQ         0x800'1b09   0x20  Code  Lc  stm32f4xx_hal_cortex.o [1]
__NVIC_GetPriorityGrouping
                         0x800'1afb    0xc  Code  Lc  stm32f4xx_hal_cortex.o [1]
__NVIC_SetPriority       0x800'1b29   0x2c  Code  Lc  stm32f4xx_hal_cortex.o [1]
__NVIC_SetPriorityGrouping
                         0x800'1ad9   0x22  Code  Lc  stm32f4xx_hal_cortex.o [1]
__aeabi_ldiv0            0x800'25fd         Code  Gb  I64DivZer.o [4]
__aeabi_memclr4          0x800'185d         Code  Gb  ABImemclr4.o [4]
__aeabi_uldivmod         0x800'23cd         Code  Gb  I64DivMod.o [4]
__cmain                  0x800'2711         Code  Gb  cmain.o [4]
__exit                   0x800'2745   0x14  Code  Gb  exit.o [5]
__iar_Memset4_word       0x800'230d         Code  Gb  ABImemset48.o [4]
__iar_Memset8_word       0x800'230d         Code  Gb  ABImemset48.o [4]
__iar_copy_init3         0x800'2675   0x2c  Code  Gb  copy_init3.o [4]
__iar_data_init3         0x800'26a1   0x28  Code  Gb  data_init.o [4]
__iar_init_vfp           0x800'26c9         Code  Gb  fpinit_M.o [3]
__iar_program_start      0x800'2789         Code  Gb  cstartup_M.o [4]
__iar_zero_init3         0x800'13cb   0x3a  Code  Gb  zero_init3.o [4]
__low_level_init         0x800'272f    0x4  Code  Gb  low_level_init.o [2]
__vector_table           0x800'0000         Data  Gb  startup_stm32f407xx.o [1]
_call_main               0x800'271d         Code  Gb  cmain.o [4]
_exit                    0x800'2739         Code  Gb  cexit.o [4]
_main                    0x800'272b         Code  Gb  cmain.o [4]
exit                     0x800'2733    0x4  Code  Gb  exit.o [2]
hcan1                   0x2000'04e0   0x28  Data  Gb  can.o [1]
hcan2                   0x2000'0508   0x28  Data  Gb  can.o [1]
main                     0x800'1711   0x84  Code  Gb  main.o [1]
uwTick                  0x2000'0554    0x4  Data  Gb  stm32f4xx_hal.o [1]
uwTickFreq              0x2000'0008    0x1  Data  Gb  stm32f4xx_hal.o [1]
uwTickPrio              0x2000'0000    0x4  Data  Gb  stm32f4xx_hal.o [1]


[1] = F:\none\Study\Other\my\Deep-J60-Motor\STM32_DeepJ60_test\EWARM\STM32_DeepJ60_test\Obj
[2] = dl7M_tln.a
[3] = m7M_tls.a
[4] = rt7M_tl.a
[5] = shb_l.a

  10 378 bytes of readonly  code memory
      66 bytes of readonly  data memory
   2 391 bytes of readwrite data memory

Errors: none
Warnings: none
